Multivariate ld-score regression of 2 traits (mtDNAcn_Apoe_omit_hagg.sumstats.gz AD_bellenguez.sumstats.gz) began at: 2023-02-12 11:30:21
Reading in LD scores
Read in summary statistics [1/2] from: mtDNAcn_Apoe_omit_hagg.sumstats.gz
Out of 46521 SNPs, 46413 remain after merging with LD-score files
Removing 0 SNPs with Chi^2 > 286.381; 46413 remain
Read in summary statistics [2/2] from: AD_bellenguez.sumstats.gz
Out of 46521 SNPs, 46413 remain after merging with LD-score files
Removing 0 SNPs with Chi^2 > 487.511; 46413 remain
          
Estimating heritability [1/3] for: mtDNAcn_Apoe_omit_hagg.sumstats.gz
Heritability Results for trait: mtDNAcn_Apoe_omit_hagg.sumstats.gz
Mean Chi^2 across remaining SNPs: 1.2578
Lambda GC: 1.1572
Intercept: 1.101 (0.0345)
Ratio: 0.3916 (0.1338)
Total Observed Scale h2: 0.0246 (0.0063)
h2 Z: 3.94
     
Calculating genetic covariance [2/3] for traits: mtDNAcn_Apoe_omit_hagg.sumstats.gz and AD_bellenguez.sumstats.gz
46413 SNPs remain after merging mtDNAcn_Apoe_omit_hagg.sumstats.gz and AD_bellenguez.sumstats.gz summary statistics
Results for genetic covariance between: mtDNAcn_Apoe_omit_hagg.sumstats.gz and AD_bellenguez.sumstats.gz
Mean Z*Z: -0.0022
Cross trait Intercept: -0.0172 (0.0176)
Total Observed Scale Genetic Covariance (g_cov): 0.0025 (0.0026)
g_cov Z: 0.948
g_cov P-value: 0.34316
          
Estimating heritability [3/3] for: AD_bellenguez.sumstats.gz
Heritability Results for trait: AD_bellenguez.sumstats.gz
Mean Chi^2 across remaining SNPs: 1.2956
Lambda GC: 1.2074
Intercept: 1.083 (0.031)
Ratio: 0.2808 (0.105)
Total Observed Scale h2: 0.0196 (0.0041)
h2 Z: 4.81
     
      
Genetic Correlation Results
Genetic Correlation between mtDNAcn_Apoe_omit_hagg.sumstats.gz and AD_bellenguez.sumstats.gz: 0.1128 (0.119)
     
     
LDSC finished running at 2023-02-12 11:30:30
Running LDSC for all files took 0 minutes and 9 seconds
     
