Munging 2 summary statistics files: mtDNAcn_Apoe_removed_AD, started at 2025-01-22 18:22:38.423151
     
Interpreting the SNP column in mtDNAcn_Apoe_removed as the SNP column.
Interpreting the BETA column as the effect column in mtDNAcn_Apoe_removed.
Interpreting the SE column as the SE column in mtDNAcn_Apoe_removed.
Interpreting the Z column in mtDNAcn_Apoe_removed as the standardised effect column.
Interpreting the P column in mtDNAcn_Apoe_removed as the P-value column.
Interpreting the ALT column in mtDNAcn_Apoe_removed as the effect allele column.
Interpreting the REF column in mtDNAcn_Apoe_removed as the alternate allele column.
Interpreting the N column as the sample size column in mtDNAcn_Apoe_removed.
Interpreting the CHROM column in mtDNAcn_Apoe_removed as the chromosome column.
Interpreting the POS column as the base pair/position column in mtDNAcn_Apoe_removed.
Interpreting the SNP column in AD as the SNP column.
Interpreting the BETA column as the effect column in AD.
Interpreting the SE column as the SE column in AD.
Interpreting the Z column in AD as the standardised effect column.
Interpreting the P column in AD as the P-value column.
Interpreting the ALT column in AD as the effect allele column.
Interpreting the REF column in AD as the alternate allele column.
Interpreting the N column as the sample size column in AD.
Interpreting the CHROM column in AD as the chromosome column.
Interpreting the POS column as the base pair/position column in AD.
Munging LD score files, started at 2025-01-22 18:22:53.212496
     
Interpreting the RS column in LDfile as the SNP column.
Interpreting the CHR column as the chromosome column in LDfile.
Interpreting the POS column as the base pair/position column in LDfile.
Interpreting the LDSC column as the LD score column in LDfile.
Interpreting the WEIGHT column as the weight column in LDfile.
Interpreting the RSID column as the SNP column in rhofile.
Interpreting the CHR column as the chromosome column in rhofile.
Interpreting the POS column as the base pair/position column in rhofile.
Interpreting the piK column as the proportion of effective SNPs in the local-LD distribution column in rhofile.
Interpreting the sigK column as the variance of the local-LD distribution column in rhofile.
Interpreting the m_local column as the number of SNPs used to calculate the local-LD distribution column in rhofile.
