Multivariate ld-score regression of 2 traits (mtDNAcn_Apoe_removed.sumstats.gz AD.sumstats.gz) began at: 2025-01-22 18:27:36.448847
Reading in LD scores
Read in summary statistics [1/2] from: mtDNAcn_Apoe_removed.sumstats.gz
Out of 80951 SNPs, 80564 remain after merging with LD-score files
Removing 0 SNPs with Chi^2 > 383.476; 80564 remain
Read in summary statistics [2/2] from: AD.sumstats.gz
Out of 80951 SNPs, 80564 remain after merging with LD-score files
Removing 1 SNPs with Chi^2 > 82.771; 80563 remain
          
Estimating heritability [1/3] for: mtDNAcn_Apoe_removed.sumstats.gz
Heritability Results for trait: mtDNAcn_Apoe_removed.sumstats.gz
Mean Chi^2 across remaining SNPs: 1.2941
Lambda GC: 1.1787
Intercept: 1.0833 (0.044)
Ratio: 0.2832 (0.1495)
Total Observed Scale h2: 0.0245 (0.0063)
h2 Z: 3.89
     
Calculating genetic covariance [2/3] for traits: mtDNAcn_Apoe_removed.sumstats.gz and AD.sumstats.gz
80563 SNPs remain after merging mtDNAcn_Apoe_removed.sumstats.gz and AD.sumstats.gz summary statistics
Results for genetic covariance between: mtDNAcn_Apoe_removed.sumstats.gz and AD.sumstats.gz
Mean Z*Z: 7e-04
Cross trait Intercept: 0.0077 (0.0127)
Total Observed Scale Genetic Covariance (g_cov): -0.0014 (0.0042)
g_cov Z: -0.323
g_cov P-value: 0.74678
          
Estimating heritability [3/3] for: AD.sumstats.gz
Heritability Results for trait: AD.sumstats.gz
Mean Chi^2 across remaining SNPs: 1.1242
Lambda GC: 1.1046
Intercept: 1.0235 (0.0155)
Ratio: 0.1895 (0.1249)
Total Observed Scale h2: 0.0698 (0.0147)
h2 Z: 4.76
     
      
Genetic Correlation Results
Genetic Correlation between mtDNAcn_Apoe_removed.sumstats.gz and AD.sumstats.gz: -0.0329 (0.1019)
     
     
LDSC finished running at 2025-01-22 18:27:54.253316
Running LDSC for all files took 0 minutes and 17 seconds
     
