Multivariate ld-score regression of 2 traits (mtDNAcn_Apoe_removed_chong.sumstats.gz AD_bellenguez.sumstats.gz) began at: 2023-02-10 19:57:28
Reading in LD scores
Read in summary statistics [1/2] from: mtDNAcn_Apoe_removed_chong.sumstats.gz
Out of 79939 SNPs, 79541 remain after merging with LD-score files
Removing 1 SNPs with Chi^2 > 383.476; 79540 remain
Read in summary statistics [2/2] from: AD_bellenguez.sumstats.gz
Out of 79939 SNPs, 79541 remain after merging with LD-score files
Removing 0 SNPs with Chi^2 > 487.511; 79541 remain
          
Estimating heritability [1/3] for: mtDNAcn_Apoe_removed_chong.sumstats.gz
Heritability Results for trait: mtDNAcn_Apoe_removed_chong.sumstats.gz
Mean Chi^2 across remaining SNPs: 1.293
Lambda GC: 1.1766
Intercept: 1.0901 (0.0407)
Ratio: 0.3074 (0.1389)
Total Observed Scale h2: 0.0236 (0.0059)
h2 Z: 3.97
     
Calculating genetic covariance [2/3] for traits: mtDNAcn_Apoe_removed_chong.sumstats.gz and AD_bellenguez.sumstats.gz
79540 SNPs remain after merging mtDNAcn_Apoe_removed_chong.sumstats.gz and AD_bellenguez.sumstats.gz summary statistics
Results for genetic covariance between: mtDNAcn_Apoe_removed_chong.sumstats.gz and AD_bellenguez.sumstats.gz
Mean Z*Z: -0.0124
Cross trait Intercept: -0.0227 (0.0143)
Total Observed Scale Genetic Covariance (g_cov): 0.0021 (0.0021)
g_cov Z: 1.02
g_cov P-value: 0.30774
          
Estimating heritability [3/3] for: AD_bellenguez.sumstats.gz
Heritability Results for trait: AD_bellenguez.sumstats.gz
Mean Chi^2 across remaining SNPs: 1.2908
Lambda GC: 1.2096
Intercept: 1.0708 (0.0214)
Ratio: 0.2436 (0.0737)
Total Observed Scale h2: 0.0201 (0.0031)
h2 Z: 6.43
     
      
Genetic Correlation Results
Genetic Correlation between mtDNAcn_Apoe_removed_chong.sumstats.gz and AD_bellenguez.sumstats.gz: 0.0972 (0.0953)
     
     
LDSC finished running at 2023-02-10 19:57:37
Running LDSC for all files took 0 minutes and 9 seconds
     
