The munging of 1 summary statistics started at 2025-05-22 15:07:38.77323
Reading in reference file
Reading summary statistics for Bellenguez_AD_GWAS.txt. Please note that this step usually takes a few minutes due to the size of summary statistic files.
All files loaded into R!



Munging file: Bellenguez_AD_GWAS.txt
Interpreting the RSID column as the SNP column.
Interpreting the A1 column as the A1 column.
Interpreting the A2 column as the A2 column.
Interpreting the BETA column as the effect column.
Interpreting the PVAL column as the P column.
Interpreting the N column as the N column.
Interpreting the SE column as the SE column.
Merging file:Bellenguez_AD_GWAS.txt with the reference file:/wynton/group/andrews/data/w_hm3.snplist
441983 rows present in the full Bellenguez_AD_GWAS.txt summary statistics file.
364022 rows were removed from the Bellenguez_AD_GWAS.txt summary statistics file as the rs-ids for these rows were not present in the reference file.
2 row(s) were removed from the Bellenguez_AD_GWAS.txt summary statistics file due to the effect allele (A1) column not matching A1 or A2 in the reference file.
No INFO column, cannot filter on INFO, which may influence results
No MAF column, cannot filter on MAF, which may influence results
77959SNPs are left in the summary statistics file Bellenguez_AD_GWAS.txt after QC.
I am done munging file: Bellenguez_AD_GWAS.txt
The file is saved as Bellenguez_AD.sumstats.gz in the current working directory.
     
Munging was completed at 2025-05-22 15:07:46.093138
The munging of all files took 0 minutes and 7.31990766525269 seconds
Please check the .log file(s) to ensure that all columns were interpreted correctly and no warnings were issued for any of the summary statistics files
