Multivariate ld-score regression of 2 traits (gupta_mtDNAcn_Apoe_removed.sumstats.gz Bellenguez_AD.sumstats.gz) began at: 2025-05-22 15:07:46.099724
Reading in LD scores
Read in summary statistics [1/2] from: gupta_mtDNAcn_Apoe_removed.sumstats.gz
Out of 77959 SNPs, 77602 remain after merging with LD-score files
Removing 4 SNPs with Chi^2 > 163.372; 77598 remain
Read in summary statistics [2/2] from: Bellenguez_AD.sumstats.gz
Out of 77959 SNPs, 77602 remain after merging with LD-score files
Removing 0 SNPs with Chi^2 > 487.511; 77602 remain
          
Estimating heritability [1/3] for: gupta_mtDNAcn_Apoe_removed.sumstats.gz
Heritability Results for trait: gupta_mtDNAcn_Apoe_removed.sumstats.gz
Mean Chi^2 across remaining SNPs: 1.3164
Lambda GC: 1.2228
Intercept: 1.0778 (0.0237)
Ratio: 0.246 (0.0749)
Total Observed Scale h2: 0.065 (0.0089)
h2 Z: 7.26
     
Calculating genetic covariance [2/3] for traits: gupta_mtDNAcn_Apoe_removed.sumstats.gz and Bellenguez_AD.sumstats.gz
77598 SNPs remain after merging gupta_mtDNAcn_Apoe_removed.sumstats.gz and Bellenguez_AD.sumstats.gz summary statistics
Results for genetic covariance between: gupta_mtDNAcn_Apoe_removed.sumstats.gz and Bellenguez_AD.sumstats.gz
Mean Z*Z: 0.0066
Cross trait Intercept: 0.0055 (0.0132)
Total Observed Scale Genetic Covariance (g_cov): -0.0011 (0.0028)
g_cov Z: -0.372
g_cov P-value: 0.71001
          
Estimating heritability [3/3] for: Bellenguez_AD.sumstats.gz
Heritability Results for trait: Bellenguez_AD.sumstats.gz
Mean Chi^2 across remaining SNPs: 1.299
Lambda GC: 1.2091
Intercept: 1.0719 (0.0192)
Ratio: 0.2406 (0.0641)
Total Observed Scale h2: 0.0211 (0.003)
h2 Z: 7
     
      
Genetic Correlation Results
Genetic Correlation between gupta_mtDNAcn_Apoe_removed.sumstats.gz and Bellenguez_AD.sumstats.gz: -0.0285 (0.0766)
     
     
LDSC finished running at 2025-05-22 15:07:58.871892
Running LDSC for all files took 0 minutes and 12 seconds
     
