Multivariate ld-score regression of 2 traits (mtDNAcn_Apoe_removed.sumstats.gz Nalls_PD.sumstats.gz) began at: 2025-06-16 15:24:14.71786
Reading in LD scores
Read in summary statistics [1/2] from: mtDNAcn_Apoe_removed.sumstats.gz
Out of 12301 SNPs, 12262 remain after merging with LD-score files
Removing 0 SNPs with Chi^2 > 383.476; 12262 remain
Read in summary statistics [2/2] from: Nalls_PD.sumstats.gz
Out of 12301 SNPs, 12262 remain after merging with LD-score files
Removing 0 SNPs with Chi^2 > 1460.059; 12262 remain
          
Estimating heritability [1/3] for: mtDNAcn_Apoe_removed.sumstats.gz
Heritability Results for trait: mtDNAcn_Apoe_removed.sumstats.gz
Mean Chi^2 across remaining SNPs: 1.326
Lambda GC: 1.1525
Intercept: 1.1001 (0.0884)
Ratio: 0.3072 (0.2711)
Total Observed Scale h2: 0.0255 (0.0128)
h2 Z: 2
     
Calculating genetic covariance [2/3] for traits: mtDNAcn_Apoe_removed.sumstats.gz and Nalls_PD.sumstats.gz
12262 SNPs remain after merging mtDNAcn_Apoe_removed.sumstats.gz and Nalls_PD.sumstats.gz summary statistics
Results for genetic covariance between: mtDNAcn_Apoe_removed.sumstats.gz and Nalls_PD.sumstats.gz
Mean Z*Z: -0.0023
Cross trait Intercept: 0.0407 (0.0394)
Total Observed Scale Genetic Covariance (g_cov): -0.0027 (0.0028)
g_cov Z: -0.957
g_cov P-value: 0.33833
          
Estimating heritability [3/3] for: Nalls_PD.sumstats.gz
Heritability Results for trait: Nalls_PD.sumstats.gz
Mean Chi^2 across remaining SNPs: 1.4193
Lambda GC: 1.2074
Intercept: 0.9389 (0.0506)
Ratio: -0.1457 (0.1207)
Total Observed Scale h2: 0.0151 (0.002)
h2 Z: 7.39
     
      
Genetic Correlation Results
Genetic Correlation between mtDNAcn_Apoe_removed.sumstats.gz and Nalls_PD.sumstats.gz: -0.1389 (0.1451)
     
     
LDSC finished running at 2025-06-16 15:24:22.284411
Running LDSC for all files took 0 minutes and 7 seconds
     
