Multivariate ld-score regression of 2 traits (mtDNAcn.sumstats.gz AD.sumstats.gz) began at: 2023-02-06 20:22:45
Reading in LD scores
Read in summary statistics [1/2] from: mtDNAcn.sumstats.gz
Out of 81036 SNPs, 80653 remain after merging with LD-score files
Removing 0 SNPs with Chi^2 > 383.476; 80653 remain
Read in summary statistics [2/2] from: AD.sumstats.gz
Out of 81036 SNPs, 80653 remain after merging with LD-score files
Removing 5 SNPs with Chi^2 > 82.771; 80648 remain
          
Estimating heritability [1/3] for: mtDNAcn.sumstats.gz
Heritability Results for trait: mtDNAcn.sumstats.gz
Mean Chi^2 across remaining SNPs: 1.2939
Lambda GC: 1.1761
Intercept: 1.0767 (0.0452)
Ratio: 0.2609 (0.1538)
Total Observed Scale h2: 0.0253 (0.0065)
h2 Z: 3.92
     
Calculating genetic covariance [2/3] for traits: mtDNAcn.sumstats.gz and AD.sumstats.gz
80648 SNPs remain after merging mtDNAcn.sumstats.gz and AD.sumstats.gz summary statistics
Results for genetic covariance between: mtDNAcn.sumstats.gz and AD.sumstats.gz
Mean Z*Z: 6e-04
Cross trait Intercept: 0.0148 (0.013)
Total Observed Scale Genetic Covariance (g_cov): -0.0036 (0.0043)
g_cov Z: -0.835
g_cov P-value: 0.40346
          
Estimating heritability [3/3] for: AD.sumstats.gz
Heritability Results for trait: AD.sumstats.gz
Mean Chi^2 across remaining SNPs: 1.1268
Lambda GC: 1.1076
Intercept: 1.0324 (0.0208)
Ratio: 0.2555 (0.1643)
Total Observed Scale h2: 0.0653 (0.0161)
h2 Z: 4.06
     
      
Genetic Correlation Results
Genetic Correlation between mtDNAcn.sumstats.gz and AD.sumstats.gz: -0.0892 (0.1068)
     
     
LDSC finished running at 2023-02-06 20:22:56
Running LDSC for all files took 0 minutes and 11 seconds
     
