Multivariate ld-score regression of 2 traits (mtDNAcn_Apoe_removed.sumstats.gz Kunkle_AD.sumstats.gz) began at: 2025-02-12 10:35:53.97624
Reading in LD scores
Read in summary statistics [1/2] from: mtDNAcn_Apoe_removed.sumstats.gz
Out of 81589 SNPs, 81234 remain after merging with LD-score files
Removing 0 SNPs with Chi^2 > 465.809; 81234 remain
Read in summary statistics [2/2] from: Kunkle_AD.sumstats.gz
Out of 81589 SNPs, 81234 remain after merging with LD-score files
Removing 0 SNPs with Chi^2 > 94.437; 81234 remain
          
Estimating heritability [1/3] for: mtDNAcn_Apoe_removed.sumstats.gz
Heritability Results for trait: mtDNAcn_Apoe_removed.sumstats.gz
Mean Chi^2 across remaining SNPs: 1.404
Lambda GC: 1.2544
Intercept: 1.1405 (0.0627)
Ratio: 0.3478 (0.1552)
Total Observed Scale h2: 0.0232 (0.0079)
h2 Z: 2.93
     
Calculating genetic covariance [2/3] for traits: mtDNAcn_Apoe_removed.sumstats.gz and Kunkle_AD.sumstats.gz
81234 SNPs remain after merging mtDNAcn_Apoe_removed.sumstats.gz and Kunkle_AD.sumstats.gz summary statistics
Results for genetic covariance between: mtDNAcn_Apoe_removed.sumstats.gz and Kunkle_AD.sumstats.gz
Mean Z*Z: -0.0187
Cross trait Intercept: -0.0089 (0.0133)
Total Observed Scale Genetic Covariance (g_cov): -0.0013 (0.0041)
g_cov Z: -0.311
g_cov P-value: 0.75597
          
Estimating heritability [3/3] for: Kunkle_AD.sumstats.gz
Heritability Results for trait: Kunkle_AD.sumstats.gz
Mean Chi^2 across remaining SNPs: 1.1141
Lambda GC: 1.0966
Intercept: 1.0259 (0.0164)
Ratio: 0.2266 (0.1438)
Total Observed Scale h2: 0.0619 (0.0141)
h2 Z: 4.39
     
      
Genetic Correlation Results
Genetic Correlation between mtDNAcn_Apoe_removed.sumstats.gz and Kunkle_AD.sumstats.gz: -0.0335 (0.1077)
     
     
LDSC finished running at 2025-02-12 10:36:07.389153
Running LDSC for all files took 0 minutes and 13 seconds
     
