Multivariate ld-score regression of 2 traits (mtDNAcn_Apoe_retained_longchamps.sumstats.gz AD_bellenguez.sumstats.gz) began at: 2023-02-15 21:15:54
Reading in LD scores
Read in summary statistics [1/2] from: mtDNAcn_Apoe_retained_longchamps.sumstats.gz
Out of 80555 SNPs, 80200 remain after merging with LD-score files
Removing 2 SNPs with Chi^2 > 465.809; 80198 remain
Read in summary statistics [2/2] from: AD_bellenguez.sumstats.gz
Out of 80555 SNPs, 80200 remain after merging with LD-score files
Removing 0 SNPs with Chi^2 > 487.511; 80200 remain
          
Estimating heritability [1/3] for: mtDNAcn_Apoe_retained_longchamps.sumstats.gz
Heritability Results for trait: mtDNAcn_Apoe_retained_longchamps.sumstats.gz
Mean Chi^2 across remaining SNPs: 1.3822
Lambda GC: 1.1999
Intercept: 1.0397 (0.0262)
Ratio: 0.1038 (0.0685)
Total Observed Scale h2: 0.0326 (0.0044)
h2 Z: 7.41
     
Calculating genetic covariance [2/3] for traits: mtDNAcn_Apoe_retained_longchamps.sumstats.gz and AD_bellenguez.sumstats.gz
80198 SNPs remain after merging mtDNAcn_Apoe_retained_longchamps.sumstats.gz and AD_bellenguez.sumstats.gz summary statistics
Results for genetic covariance between: mtDNAcn_Apoe_retained_longchamps.sumstats.gz and AD_bellenguez.sumstats.gz
Mean Z*Z: -0.0106
Cross trait Intercept: -0.0301 (0.0258)
Total Observed Scale Genetic Covariance (g_cov): 0.0031 (0.0028)
g_cov Z: 1.1
g_cov P-value: 0.26954
          
Estimating heritability [3/3] for: AD_bellenguez.sumstats.gz
Heritability Results for trait: AD_bellenguez.sumstats.gz
Mean Chi^2 across remaining SNPs: 1.3274
Lambda GC: 1.2253
Intercept: 1.1545 (0.0883)
Ratio: 0.4719 (0.2698)
Total Observed Scale h2: 0.0143 (0.009)
h2 Z: 1.59
     
      
Genetic Correlation Results
Genetic Correlation between mtDNAcn_Apoe_retained_longchamps.sumstats.gz and AD_bellenguez.sumstats.gz: 0.1454 (0.1317)
     
     
LDSC finished running at 2023-02-15 21:16:10
Running LDSC for all files took 0 minutes and 15 seconds
     
