Multivariate ld-score regression of 2 traits (mtDNAcn_Apoe_omit_longchamps.sumstats.gz AD_bellenguez.sumstats.gz) began at: 2023-02-11 18:09:35
Reading in LD scores
Read in summary statistics [1/2] from: mtDNAcn_Apoe_omit_longchamps.sumstats.gz
Out of 80627 SNPs, 80271 remain after merging with LD-score files
Removing 2 SNPs with Chi^2 > 465.809; 80269 remain
Read in summary statistics [2/2] from: AD_bellenguez.sumstats.gz
Out of 80627 SNPs, 80271 remain after merging with LD-score files
Removing 0 SNPs with Chi^2 > 487.511; 80271 remain
          
Estimating heritability [1/3] for: mtDNAcn_Apoe_omit_longchamps.sumstats.gz
Heritability Results for trait: mtDNAcn_Apoe_omit_longchamps.sumstats.gz
Mean Chi^2 across remaining SNPs: 1.3847
Lambda GC: 1.1999
Intercept: 1.0453 (0.0258)
Ratio: 0.1177 (0.067)
Total Observed Scale h2: 0.0322 (0.0043)
h2 Z: 7.53
     
Calculating genetic covariance [2/3] for traits: mtDNAcn_Apoe_omit_longchamps.sumstats.gz and AD_bellenguez.sumstats.gz
80269 SNPs remain after merging mtDNAcn_Apoe_omit_longchamps.sumstats.gz and AD_bellenguez.sumstats.gz summary statistics
Results for genetic covariance between: mtDNAcn_Apoe_omit_longchamps.sumstats.gz and AD_bellenguez.sumstats.gz
Mean Z*Z: -0.0108
Cross trait Intercept: -0.0145 (0.0129)
Total Observed Scale Genetic Covariance (g_cov): 0.0014 (0.0016)
g_cov Z: 0.854
g_cov P-value: 0.39334
          
Estimating heritability [3/3] for: AD_bellenguez.sumstats.gz
Heritability Results for trait: AD_bellenguez.sumstats.gz
Mean Chi^2 across remaining SNPs: 1.3207
Lambda GC: 1.222
Intercept: 1.0681 (0.0214)
Ratio: 0.2124 (0.0668)
Total Observed Scale h2: 0.023 (0.0032)
h2 Z: 7.24
     
      
Genetic Correlation Results
Genetic Correlation between mtDNAcn_Apoe_omit_longchamps.sumstats.gz and AD_bellenguez.sumstats.gz: 0.0497 (0.0582)
     
     
LDSC finished running at 2023-02-11 18:09:54
Running LDSC for all files took 0 minutes and 19 seconds
     
