Multivariate ld-score regression of 2 traits (mtDNAcn_Apoe_retained_hagg.sumstats.gz AD_bellenguez.sumstats.gz) began at: 2023-02-16 22:10:08
Reading in LD scores
Read in summary statistics [1/2] from: mtDNAcn_Apoe_retained_hagg.sumstats.gz
Out of 46512 SNPs, 46404 remain after merging with LD-score files
Removing 0 SNPs with Chi^2 > 286.381; 46404 remain
Read in summary statistics [2/2] from: AD_bellenguez.sumstats.gz
Out of 46512 SNPs, 46404 remain after merging with LD-score files
Removing 0 SNPs with Chi^2 > 487.511; 46404 remain
          
Estimating heritability [1/3] for: mtDNAcn_Apoe_retained_hagg.sumstats.gz
Heritability Results for trait: mtDNAcn_Apoe_retained_hagg.sumstats.gz
Mean Chi^2 across remaining SNPs: 1.2573
Lambda GC: 1.1542
Intercept: 1.0686 (0.031)
Ratio: 0.2668 (0.1203)
Total Observed Scale h2: 0.0304 (0.0059)
h2 Z: 5.15
     
Calculating genetic covariance [2/3] for traits: mtDNAcn_Apoe_retained_hagg.sumstats.gz and AD_bellenguez.sumstats.gz
46404 SNPs remain after merging mtDNAcn_Apoe_retained_hagg.sumstats.gz and AD_bellenguez.sumstats.gz summary statistics
Results for genetic covariance between: mtDNAcn_Apoe_retained_hagg.sumstats.gz and AD_bellenguez.sumstats.gz
Mean Z*Z: -0.0026
Cross trait Intercept: -0.0114 (0.0161)
Total Observed Scale Genetic Covariance (g_cov): 0.0017 (0.0024)
g_cov Z: 0.71
g_cov P-value: 0.478
          
Estimating heritability [3/3] for: AD_bellenguez.sumstats.gz
Heritability Results for trait: AD_bellenguez.sumstats.gz
Mean Chi^2 across remaining SNPs: 1.2976
Lambda GC: 1.2053
Intercept: 1.0985 (0.0313)
Ratio: 0.3309 (0.1051)
Total Observed Scale h2: 0.0182 (0.0041)
h2 Z: 4.48
     
      
Genetic Correlation Results
Genetic Correlation between mtDNAcn_Apoe_retained_hagg.sumstats.gz and AD_bellenguez.sumstats.gz: 0.0734 (0.1035)
     
     
LDSC finished running at 2023-02-16 22:10:17
Running LDSC for all files took 0 minutes and 8 seconds
     
