The munging of 1 summary statistics started at 2025-06-10 14:42:41.151189
Reading in reference file
Reading summary statistics for Nalls_PD_GWAS.txt. Please note that this step usually takes a few minutes due to the size of summary statistic files.
All files loaded into R!



Munging file: Nalls_PD_GWAS.txt
Interpreting the RSID column as the SNP column.
Interpreting the A1 column as the A1 column.
Interpreting the A2 column as the A2 column.
Interpreting the BETA column as the effect column.
Interpreting the PVAL column as the P column.
Interpreting the N column as the N column.
Interpreting the SE column as the SE column.
Merging file:Nalls_PD_GWAS.txt with the reference file:/wynton/group/andrews/data/w_hm3.snplist
69869 rows present in the full Nalls_PD_GWAS.txt summary statistics file.
57726 rows were removed from the Nalls_PD_GWAS.txt summary statistics file as the rs-ids for these rows were not present in the reference file.
No INFO column, cannot filter on INFO, which may influence results
No MAF column, cannot filter on MAF, which may influence results
12143SNPs are left in the summary statistics file Nalls_PD_GWAS.txt after QC.
I am done munging file: Nalls_PD_GWAS.txt
The file is saved as Nalls_PD.sumstats.gz in the current working directory.
     
Munging was completed at 2025-06-10 14:42:42.71342
The munging of all files took 0 minutes and 1.56223130226135 seconds
Please check the .log file(s) to ensure that all columns were interpreted correctly and no warnings were issued for any of the summary statistics files
