Multivariate ld-score regression of 2 traits (gupta_mtDNAcn_Apoe_removed.sumstats.gz Nalls_PD.sumstats.gz) began at: 2025-02-18 11:02:59.518744
Reading in LD scores
Read in summary statistics [1/2] from: gupta_mtDNAcn_Apoe_removed.sumstats.gz
Out of 5759 SNPs, 5731 remain after merging with LD-score files
Removing 0 SNPs with Chi^2 > 163.372; 5731 remain
Read in summary statistics [2/2] from: Nalls_PD.sumstats.gz
Out of 5759 SNPs, 5731 remain after merging with LD-score files
Removing 0 SNPs with Chi^2 > 1460.059; 5731 remain
          
Estimating heritability [1/3] for: gupta_mtDNAcn_Apoe_removed.sumstats.gz
Heritability Results for trait: gupta_mtDNAcn_Apoe_removed.sumstats.gz
Mean Chi^2 across remaining SNPs: 1.3177
Lambda GC: 1.2144
Intercept: 1.2022 (0.0784)
Ratio: 0.6366 (0.2467)
Total Observed Scale h2: 0.0269 (0.0259)
h2 Z: 1.04
     
Calculating genetic covariance [2/3] for traits: gupta_mtDNAcn_Apoe_removed.sumstats.gz and Nalls_PD.sumstats.gz
5731 SNPs remain after merging gupta_mtDNAcn_Apoe_removed.sumstats.gz and Nalls_PD.sumstats.gz summary statistics
Results for genetic covariance between: gupta_mtDNAcn_Apoe_removed.sumstats.gz and Nalls_PD.sumstats.gz
Mean Z*Z: 0.0124
Cross trait Intercept: -0.0171 (0.0481)
Total Observed Scale Genetic Covariance (g_cov): 0.003 (0.0059)
g_cov Z: 0.514
g_cov P-value: 0.60755
          
Estimating heritability [3/3] for: Nalls_PD.sumstats.gz
Heritability Results for trait: Nalls_PD.sumstats.gz
Mean Chi^2 across remaining SNPs: 1.415
Lambda GC: 1.2373
Intercept: 1.0018 (0.066)
Ratio: 0.0043 (0.1591)
Total Observed Scale h2: 0.0134 (0.0032)
h2 Z: 4.2
     
      
Genetic Correlation Results
Genetic Correlation between gupta_mtDNAcn_Apoe_removed.sumstats.gz and Nalls_PD.sumstats.gz: 0.1591 (0.3098)
     
     
LDSC finished running at 2025-02-18 11:03:10.149381
Running LDSC for all files took 0 minutes and 10 seconds
     
