Multivariate ld-score regression of 2 traits (mtDNAcn_Apoe_retained_chong.sumstats.gz AD_bellenguez.sumstats.gz) began at: 2023-02-14 20:06:38
Reading in LD scores
Read in summary statistics [1/2] from: mtDNAcn_Apoe_retained_chong.sumstats.gz
Out of 79838 SNPs, 79441 remain after merging with LD-score files
Removing 1 SNPs with Chi^2 > 383.476; 79440 remain
Read in summary statistics [2/2] from: AD_bellenguez.sumstats.gz
Out of 79838 SNPs, 79441 remain after merging with LD-score files
Removing 0 SNPs with Chi^2 > 487.511; 79441 remain
          
Estimating heritability [1/3] for: mtDNAcn_Apoe_retained_chong.sumstats.gz
Heritability Results for trait: mtDNAcn_Apoe_retained_chong.sumstats.gz
Mean Chi^2 across remaining SNPs: 1.2921
Lambda GC: 1.1808
Intercept: 1.1084 (0.041)
Ratio: 0.3712 (0.1403)
Total Observed Scale h2: 0.0208 (0.0062)
h2 Z: 3.35
     
Calculating genetic covariance [2/3] for traits: mtDNAcn_Apoe_retained_chong.sumstats.gz and AD_bellenguez.sumstats.gz
79440 SNPs remain after merging mtDNAcn_Apoe_retained_chong.sumstats.gz and AD_bellenguez.sumstats.gz summary statistics
Results for genetic covariance between: mtDNAcn_Apoe_retained_chong.sumstats.gz and AD_bellenguez.sumstats.gz
Mean Z*Z: -0.0122
Cross trait Intercept: -0.018 (0.0192)
Total Observed Scale Genetic Covariance (g_cov): 0.0016 (0.0024)
g_cov Z: 0.645
g_cov P-value: 0.51872
          
Estimating heritability [3/3] for: AD_bellenguez.sumstats.gz
Heritability Results for trait: AD_bellenguez.sumstats.gz
Mean Chi^2 across remaining SNPs: 1.3
Lambda GC: 1.2155
Intercept: 1.1695 (0.0853)
Ratio: 0.5649 (0.2844)
Total Observed Scale h2: 0.0102 (0.0086)
h2 Z: 1.19
     
      
Genetic Correlation Results
Genetic Correlation between mtDNAcn_Apoe_retained_chong.sumstats.gz and AD_bellenguez.sumstats.gz: 0.1084 (0.168)
     
     
LDSC finished running at 2023-02-14 20:06:48
Running LDSC for all files took 0 minutes and 10 seconds
     
